GowinSynthesis start
Running parser ...
Analyzing Verilog file 'C:\Users\tanma\TanmayUF\Gator Quant Hacks\GQH_Hardware_Stark-Silicon\gowin\src\moving_average.v'
Analyzing Verilog file 'C:\Users\tanma\TanmayUF\Gator Quant Hacks\GQH_Hardware_Stark-Silicon\gowin\src\top.v'
Analyzing Verilog file 'C:\Users\tanma\TanmayUF\Gator Quant Hacks\GQH_Hardware_Stark-Silicon\gowin\src\trade_core.v'
Analyzing Verilog file 'C:\Users\tanma\TanmayUF\Gator Quant Hacks\GQH_Hardware_Stark-Silicon\gowin\src\uart_rx.v'
Analyzing Verilog file 'C:\Users\tanma\TanmayUF\Gator Quant Hacks\GQH_Hardware_Stark-Silicon\gowin\src\uart_tx.v'
Compiling module 'top'("C:\Users\tanma\TanmayUF\Gator Quant Hacks\GQH_Hardware_Stark-Silicon\gowin\src\top.v":1)
Compiling module 'uart_rx'("C:\Users\tanma\TanmayUF\Gator Quant Hacks\GQH_Hardware_Stark-Silicon\gowin\src\uart_rx.v":6)
Compiling module 'trade_core'("C:\Users\tanma\TanmayUF\Gator Quant Hacks\GQH_Hardware_Stark-Silicon\gowin\src\trade_core.v":1)
Compiling module 'moving_average'("C:\Users\tanma\TanmayUF\Gator Quant Hacks\GQH_Hardware_Stark-Silicon\gowin\src\moving_average.v":1)
Extracting RAM for identifier 'mem'("C:\Users\tanma\TanmayUF\Gator Quant Hacks\GQH_Hardware_Stark-Silicon\gowin\src\moving_average.v":10)
Compiling module 'uart_tx'("C:\Users\tanma\TanmayUF\Gator Quant Hacks\GQH_Hardware_Stark-Silicon\gowin\src\uart_tx.v":4)
NOTE  (EX0101) : Current top module is "top"
[5%] Running netlist conversion ...
WARN  (CV0016) : Input reset_btn is unused("C:\Users\tanma\TanmayUF\Gator Quant Hacks\GQH_Hardware_Stark-Silicon\gowin\src\top.v":3)
Running device independent optimization ...
[10%] Optimizing Phase 0 completed
[15%] Optimizing Phase 1 completed
[25%] Optimizing Phase 2 completed
Running inference ...
[30%] Inferring Phase 0 completed
[40%] Inferring Phase 1 completed
[50%] Inferring Phase 2 completed
[55%] Inferring Phase 3 completed
Running technical mapping ...
[60%] Tech-Mapping Phase 0 completed
[65%] Tech-Mapping Phase 1 completed
[75%] Tech-Mapping Phase 2 completed
[80%] Tech-Mapping Phase 3 completed
[90%] Tech-Mapping Phase 4 completed
[95%] Generate netlist file "C:\Users\tanma\TanmayUF\Gator Quant Hacks\GQH_Hardware_Stark-Silicon\gowin\impl\gwsynthesis\GQH_gowin_fpga_project.vg" completed
[100%] Generate report file "C:\Users\tanma\TanmayUF\Gator Quant Hacks\GQH_Hardware_Stark-Silicon\gowin\impl\gwsynthesis\GQH_gowin_fpga_project_syn.rpt.html" completed
GowinSynthesis finish
