Reading netlist file: "C:\Users\tanma\TanmayUF\Gator Quant Hacks\GQH_Hardware_Stark-Silicon\gowin\impl\gwsynthesis\GQH_gowin_fpga_project.vg"
Parsing netlist file "C:\Users\tanma\TanmayUF\Gator Quant Hacks\GQH_Hardware_Stark-Silicon\gowin\impl\gwsynthesis\GQH_gowin_fpga_project.vg" completed
Processing netlist completed
Reading constraint file: "C:\Users\tanma\TanmayUF\Gator Quant Hacks\GQH_Hardware_Stark-Silicon\gowin\19_tang_nano_20k.cst"
Physical Constraint parsed completed
Running placement......
[10%] Placement Phase 0 completed
[20%] Placement Phase 1 completed
[30%] Placement Phase 2 completed
WARN  (TA1132) :  'sys_clk' was determined to be a clock but was not created.
[50%] Placement Phase 3 completed
Running routing......
[60%] Routing Phase 0 completed
[70%] Routing Phase 1 completed
[80%] Routing Phase 2 completed
WARN  (PR1014) : Generic routing resource will be used to clock signal 'sys_clk_d' by the specified constraint. And then it may lead to the excessive delay or skew
[90%] Routing Phase 3 completed
Running timing analysis......
[95%] Timing analysis completed
Placement and routing completed
Bitstream generation in progress......
Bitstream generation completed
Running power analysis......
[100%] Power analysis completed
Generate file "C:\Users\tanma\TanmayUF\Gator Quant Hacks\GQH_Hardware_Stark-Silicon\gowin\impl\pnr\GQH_gowin_fpga_project.power.html" completed
Generate file "C:\Users\tanma\TanmayUF\Gator Quant Hacks\GQH_Hardware_Stark-Silicon\gowin\impl\pnr\GQH_gowin_fpga_project.pin.html" completed
Generate file "C:\Users\tanma\TanmayUF\Gator Quant Hacks\GQH_Hardware_Stark-Silicon\gowin\impl\pnr\GQH_gowin_fpga_project.rpt.html" completed
Generate file "C:\Users\tanma\TanmayUF\Gator Quant Hacks\GQH_Hardware_Stark-Silicon\gowin\impl\pnr\GQH_gowin_fpga_project.rpt.txt" completed
Generate file "C:\Users\tanma\TanmayUF\Gator Quant Hacks\GQH_Hardware_Stark-Silicon\gowin\impl\pnr\GQH_gowin_fpga_project.tr.html" completed
Sun Oct  4 10:29:47 2026

